------------------------------------------------------------
Timing Analyzer Summary
------------------------------------------------------------

Type  : Slow 1100mV 85C Model Setup 'CLOCK_50'
Slack : -2.578
TNS   : -13.896

Type  : Slow 1100mV 85C Model Setup 'altera_reserved_tck'
Slack : 10.807
TNS   : 0.000

Type  : Slow 1100mV 85C Model Setup 'audio_pll|audio_pll_inst|altera_pll_i|general[0].gpll~PLL_OUTPUT_COUNTER|divclk'
Slack : 80.464
TNS   : 0.000

Type  : Slow 1100mV 85C Model Hold 'altera_reserved_tck'
Slack : 0.167
TNS   : 0.000

Type  : Slow 1100mV 85C Model Hold 'CLOCK_50'
Slack : 0.318
TNS   : 0.000

Type  : Slow 1100mV 85C Model Hold 'audio_pll|audio_pll_inst|altera_pll_i|general[0].gpll~PLL_OUTPUT_COUNTER|divclk'
Slack : 0.370
TNS   : 0.000

Type  : Slow 1100mV 85C Model Recovery 'altera_reserved_tck'
Slack : 36.682
TNS   : 0.000

Type  : Slow 1100mV 85C Model Removal 'altera_reserved_tck'
Slack : 0.879
TNS   : 0.000

Type  : Slow 1100mV 85C Model Minimum Pulse Width 'audio_pll|audio_pll_inst|altera_pll_i|general[0].gpll~FRACTIONAL_PLL|vcoph[0]'
Slack : 1.666
TNS   : 0.000

Type  : Slow 1100mV 85C Model Minimum Pulse Width 'CLOCK_50'
Slack : 8.926
TNS   : 0.000

Type  : Slow 1100mV 85C Model Minimum Pulse Width 'altera_reserved_tck'
Slack : 18.840
TNS   : 0.000

Type  : Slow 1100mV 85C Model Minimum Pulse Width 'audio_pll|audio_pll_inst|altera_pll_i|general[0].gpll~PLL_OUTPUT_COUNTER|divclk'
Slack : 40.949
TNS   : 0.000

Type  : Slow 1100mV 0C Model Setup 'CLOCK_50'
Slack : -2.495
TNS   : -13.286

Type  : Slow 1100mV 0C Model Setup 'altera_reserved_tck'
Slack : 10.882
TNS   : 0.000

Type  : Slow 1100mV 0C Model Setup 'audio_pll|audio_pll_inst|altera_pll_i|general[0].gpll~PLL_OUTPUT_COUNTER|divclk'
Slack : 80.485
TNS   : 0.000

Type  : Slow 1100mV 0C Model Hold 'altera_reserved_tck'
Slack : 0.149
TNS   : 0.000

Type  : Slow 1100mV 0C Model Hold 'CLOCK_50'
Slack : 0.296
TNS   : 0.000

Type  : Slow 1100mV 0C Model Hold 'audio_pll|audio_pll_inst|altera_pll_i|general[0].gpll~PLL_OUTPUT_COUNTER|divclk'
Slack : 0.348
TNS   : 0.000

Type  : Slow 1100mV 0C Model Recovery 'altera_reserved_tck'
Slack : 36.799
TNS   : 0.000

Type  : Slow 1100mV 0C Model Removal 'altera_reserved_tck'
Slack : 0.818
TNS   : 0.000

Type  : Slow 1100mV 0C Model Minimum Pulse Width 'audio_pll|audio_pll_inst|altera_pll_i|general[0].gpll~FRACTIONAL_PLL|vcoph[0]'
Slack : 1.666
TNS   : 0.000

Type  : Slow 1100mV 0C Model Minimum Pulse Width 'CLOCK_50'
Slack : 8.959
TNS   : 0.000

Type  : Slow 1100mV 0C Model Minimum Pulse Width 'altera_reserved_tck'
Slack : 18.856
TNS   : 0.000

Type  : Slow 1100mV 0C Model Minimum Pulse Width 'audio_pll|audio_pll_inst|altera_pll_i|general[0].gpll~PLL_OUTPUT_COUNTER|divclk'
Slack : 40.900
TNS   : 0.000

Type  : Fast 1100mV 85C Model Setup 'CLOCK_50'
Slack : -0.888
TNS   : -1.770

Type  : Fast 1100mV 85C Model Setup 'altera_reserved_tck'
Slack : 12.888
TNS   : 0.000

Type  : Fast 1100mV 85C Model Setup 'audio_pll|audio_pll_inst|altera_pll_i|general[0].gpll~PLL_OUTPUT_COUNTER|divclk'
Slack : 81.630
TNS   : 0.000

Type  : Fast 1100mV 85C Model Hold 'altera_reserved_tck'
Slack : 0.045
TNS   : 0.000

Type  : Fast 1100mV 85C Model Hold 'CLOCK_50'
Slack : 0.178
TNS   : 0.000

Type  : Fast 1100mV 85C Model Hold 'audio_pll|audio_pll_inst|altera_pll_i|general[0].gpll~PLL_OUTPUT_COUNTER|divclk'
Slack : 0.183
TNS   : 0.000

Type  : Fast 1100mV 85C Model Recovery 'altera_reserved_tck'
Slack : 37.689
TNS   : 0.000

Type  : Fast 1100mV 85C Model Removal 'altera_reserved_tck'
Slack : 0.422
TNS   : 0.000

Type  : Fast 1100mV 85C Model Minimum Pulse Width 'audio_pll|audio_pll_inst|altera_pll_i|general[0].gpll~FRACTIONAL_PLL|vcoph[0]'
Slack : 1.666
TNS   : 0.000

Type  : Fast 1100mV 85C Model Minimum Pulse Width 'CLOCK_50'
Slack : 8.508
TNS   : 0.000

Type  : Fast 1100mV 85C Model Minimum Pulse Width 'altera_reserved_tck'
Slack : 18.567
TNS   : 0.000

Type  : Fast 1100mV 85C Model Minimum Pulse Width 'audio_pll|audio_pll_inst|altera_pll_i|general[0].gpll~PLL_OUTPUT_COUNTER|divclk'
Slack : 41.209
TNS   : 0.000

Type  : Fast 1100mV 0C Model Setup 'CLOCK_50'
Slack : -0.813
TNS   : -1.621

Type  : Fast 1100mV 0C Model Setup 'altera_reserved_tck'
Slack : 13.011
TNS   : 0.000

Type  : Fast 1100mV 0C Model Setup 'audio_pll|audio_pll_inst|altera_pll_i|general[0].gpll~PLL_OUTPUT_COUNTER|divclk'
Slack : 81.775
TNS   : 0.000

Type  : Fast 1100mV 0C Model Hold 'altera_reserved_tck'
Slack : 0.033
TNS   : 0.000

Type  : Fast 1100mV 0C Model Hold 'CLOCK_50'
Slack : 0.164
TNS   : 0.000

Type  : Fast 1100mV 0C Model Hold 'audio_pll|audio_pll_inst|altera_pll_i|general[0].gpll~PLL_OUTPUT_COUNTER|divclk'
Slack : 0.171
TNS   : 0.000

Type  : Fast 1100mV 0C Model Recovery 'altera_reserved_tck'
Slack : 37.923
TNS   : 0.000

Type  : Fast 1100mV 0C Model Removal 'altera_reserved_tck'
Slack : 0.369
TNS   : 0.000

Type  : Fast 1100mV 0C Model Minimum Pulse Width 'audio_pll|audio_pll_inst|altera_pll_i|general[0].gpll~FRACTIONAL_PLL|vcoph[0]'
Slack : 1.666
TNS   : 0.000

Type  : Fast 1100mV 0C Model Minimum Pulse Width 'CLOCK_50'
Slack : 8.461
TNS   : 0.000

Type  : Fast 1100mV 0C Model Minimum Pulse Width 'altera_reserved_tck'
Slack : 18.575
TNS   : 0.000

Type  : Fast 1100mV 0C Model Minimum Pulse Width 'audio_pll|audio_pll_inst|altera_pll_i|general[0].gpll~PLL_OUTPUT_COUNTER|divclk'
Slack : 41.201
TNS   : 0.000

------------------------------------------------------------
